[2026-08-05 07:48:27] production.ERROR: DOMDocument::loadXML(): Argument #1 ($source) must not be empty {"exception":"[object] (ValueError(code: 0): DOMDocument::loadXML(): Argument #1 ($source) must not be empty at /home/runner/omp/lib/pkp/classes/plugins/PluginGalleryDAO.php:131)
[stacktrace]
#0 /home/runner/omp/lib/pkp/classes/plugins/PluginGalleryDAO.php(131): DOMDocument->loadXML()
#1 /home/runner/omp/lib/pkp/classes/plugins/PluginGalleryDAO.php(61): PKP\\plugins\\PluginGalleryDAO->_getDocument()
#2 /home/runner/omp/lib/pkp/controllers/grid/plugins/PluginGalleryGridHandler.php(155): PKP\\plugins\\PluginGalleryDAO->getNewestCompatible()
#3 /home/runner/omp/lib/pkp/classes/controllers/grid/GridHandler.php(367): PKP\\controllers\\grid\\plugins\\PluginGalleryGridHandler->loadData()
#4 /home/runner/omp/lib/pkp/classes/controllers/grid/GridHandler.php(1189): PKP\\controllers\\grid\\GridHandler->getGridDataElements()
#5 /home/runner/omp/lib/pkp/classes/controllers/grid/GridHandler.php(1065): PKP\\controllers\\grid\\GridHandler->renderGridBodyPartsInternally()
#6 /home/runner/omp/lib/pkp/classes/controllers/grid/GridHandler.php(737): PKP\\controllers\\grid\\GridHandler->doSpecificFetchGridActions()
#7 [internal function]: PKP\\controllers\\grid\\GridHandler->fetchGrid()
#8 /home/runner/omp/lib/pkp/classes/core/PKPRouter.php(328): call_user_func()
#9 /home/runner/omp/lib/pkp/classes/core/PKPComponentRouter.php(262): PKP\\core\\PKPRouter->_authorizeInitializeAndCallRequest()
#10 /home/runner/omp/lib/pkp/classes/core/Dispatcher.php(157): PKP\\core\\PKPComponentRouter->route()
#11 /home/runner/omp/lib/pkp/classes/core/PKPApplication.php(360): PKP\\core\\Dispatcher->dispatch()
#12 /home/runner/omp/index.php(21): PKP\\core\\PKPApplication->execute()
#13 {main}
"} 
[2026-08-05 08:09:26] production.ERROR:  {"exception":"[object] (Symfony\\Component\\HttpKernel\\Exception\\NotFoundHttpException(code: 0):  at /home/runner/omp/pages/catalog/CatalogBookHandler.php:104)
[stacktrace]
#0 [internal function]: APP\\pages\\catalog\\CatalogBookHandler->book()
#1 /home/runner/omp/lib/pkp/classes/core/PKPRouter.php(328): call_user_func()
#2 /home/runner/omp/lib/pkp/classes/core/PKPPageRouter.php(252): PKP\\core\\PKPRouter->_authorizeInitializeAndCallRequest()
#3 /home/runner/omp/lib/pkp/classes/core/Dispatcher.php(157): PKP\\core\\PKPPageRouter->route()
#4 /home/runner/omp/lib/pkp/classes/core/PKPApplication.php(360): PKP\\core\\Dispatcher->dispatch()
#5 /home/runner/omp/index.php(21): PKP\\core\\PKPApplication->execute()
#6 {main}
"} 
